Archive member included because of file (symbol)

d:/documents/embedded/iti summer training 2023/01- embedded systems avr tools/01- imt sdk/imt_sdk_win_64/winavr/bin/../lib/gcc/avr/4.3.3/avr5\libgcc.a(_udivmodqi4.o)
                              ./HAL/SSD/SSD.o (__udivmodqi4)
d:/documents/embedded/iti summer training 2023/01- embedded systems avr tools/01- imt sdk/imt_sdk_win_64/winavr/bin/../lib/gcc/avr/4.3.3/avr5\libgcc.a(_udivmodsi4.o)
                              ./HAL/LCD/LCD.o (__udivmodsi4)
d:/documents/embedded/iti summer training 2023/01- embedded systems avr tools/01- imt sdk/imt_sdk_win_64/winavr/bin/../lib/gcc/avr/4.3.3/avr5\libgcc.a(_exit.o)
                              d:/documents/embedded/iti summer training 2023/01- embedded systems avr tools/01- imt sdk/imt_sdk_win_64/winavr/bin/../lib/gcc/avr/4.3.3/../../../../avr/lib/avr5/crtm32.o (exit)
d:/documents/embedded/iti summer training 2023/01- embedded systems avr tools/01- imt sdk/imt_sdk_win_64/winavr/bin/../lib/gcc/avr/4.3.3/avr5\libgcc.a(_copy_data.o)
                              ./HAL/SSD/SSD.o (__do_copy_data)
d:/documents/embedded/iti summer training 2023/01- embedded systems avr tools/01- imt sdk/imt_sdk_win_64/winavr/bin/../lib/gcc/avr/4.3.3/avr5\libgcc.a(_clear_bss.o)
                              ./MCAL/TIM0/TIM0.o (__do_clear_bss)
d:/documents/embedded/iti summer training 2023/01- embedded systems avr tools/01- imt sdk/imt_sdk_win_64/winavr/bin/../lib/gcc/avr/4.3.3/avr5\libgcc.a(_fixunssfsi.o)
                              ./HAL/LCD/LCD.o (__fixunssfsi)
d:/documents/embedded/iti summer training 2023/01- embedded systems avr tools/01- imt sdk/imt_sdk_win_64/winavr/bin/../lib/gcc/avr/4.3.3/avr5\libgcc.a(_addsub_sf.o)
                              d:/documents/embedded/iti summer training 2023/01- embedded systems avr tools/01- imt sdk/imt_sdk_win_64/winavr/bin/../lib/gcc/avr/4.3.3/avr5\libgcc.a(_fixunssfsi.o) (__subsf3)
d:/documents/embedded/iti summer training 2023/01- embedded systems avr tools/01- imt sdk/imt_sdk_win_64/winavr/bin/../lib/gcc/avr/4.3.3/avr5\libgcc.a(_mul_sf.o)
                              ./HAL/LCD/LCD.o (__mulsf3)
d:/documents/embedded/iti summer training 2023/01- embedded systems avr tools/01- imt sdk/imt_sdk_win_64/winavr/bin/../lib/gcc/avr/4.3.3/avr5\libgcc.a(_div_sf.o)
                              ./HAL/LCD/LCD.o (__divsf3)
d:/documents/embedded/iti summer training 2023/01- embedded systems avr tools/01- imt sdk/imt_sdk_win_64/winavr/bin/../lib/gcc/avr/4.3.3/avr5\libgcc.a(_gt_sf.o)
                              ./HAL/LCD/LCD.o (__gtsf2)
d:/documents/embedded/iti summer training 2023/01- embedded systems avr tools/01- imt sdk/imt_sdk_win_64/winavr/bin/../lib/gcc/avr/4.3.3/avr5\libgcc.a(_ge_sf.o)
                              d:/documents/embedded/iti summer training 2023/01- embedded systems avr tools/01- imt sdk/imt_sdk_win_64/winavr/bin/../lib/gcc/avr/4.3.3/avr5\libgcc.a(_fixunssfsi.o) (__gesf2)
d:/documents/embedded/iti summer training 2023/01- embedded systems avr tools/01- imt sdk/imt_sdk_win_64/winavr/bin/../lib/gcc/avr/4.3.3/avr5\libgcc.a(_lt_sf.o)
                              ./HAL/LCD/LCD.o (__ltsf2)
d:/documents/embedded/iti summer training 2023/01- embedded systems avr tools/01- imt sdk/imt_sdk_win_64/winavr/bin/../lib/gcc/avr/4.3.3/avr5\libgcc.a(_sf_to_si.o)
                              d:/documents/embedded/iti summer training 2023/01- embedded systems avr tools/01- imt sdk/imt_sdk_win_64/winavr/bin/../lib/gcc/avr/4.3.3/avr5\libgcc.a(_fixunssfsi.o) (__fixsfsi)
d:/documents/embedded/iti summer training 2023/01- embedded systems avr tools/01- imt sdk/imt_sdk_win_64/winavr/bin/../lib/gcc/avr/4.3.3/avr5\libgcc.a(_thenan_sf.o)
                              d:/documents/embedded/iti summer training 2023/01- embedded systems avr tools/01- imt sdk/imt_sdk_win_64/winavr/bin/../lib/gcc/avr/4.3.3/avr5\libgcc.a(_addsub_sf.o) (__thenan_sf)
d:/documents/embedded/iti summer training 2023/01- embedded systems avr tools/01- imt sdk/imt_sdk_win_64/winavr/bin/../lib/gcc/avr/4.3.3/avr5\libgcc.a(_prologue.o)
                              d:/documents/embedded/iti summer training 2023/01- embedded systems avr tools/01- imt sdk/imt_sdk_win_64/winavr/bin/../lib/gcc/avr/4.3.3/avr5\libgcc.a(_addsub_sf.o) (__prologue_saves__)
d:/documents/embedded/iti summer training 2023/01- embedded systems avr tools/01- imt sdk/imt_sdk_win_64/winavr/bin/../lib/gcc/avr/4.3.3/avr5\libgcc.a(_epilogue.o)
                              d:/documents/embedded/iti summer training 2023/01- embedded systems avr tools/01- imt sdk/imt_sdk_win_64/winavr/bin/../lib/gcc/avr/4.3.3/avr5\libgcc.a(_addsub_sf.o) (__epilogue_restores__)
d:/documents/embedded/iti summer training 2023/01- embedded systems avr tools/01- imt sdk/imt_sdk_win_64/winavr/bin/../lib/gcc/avr/4.3.3/avr5\libgcc.a(_pack_sf.o)
                              d:/documents/embedded/iti summer training 2023/01- embedded systems avr tools/01- imt sdk/imt_sdk_win_64/winavr/bin/../lib/gcc/avr/4.3.3/avr5\libgcc.a(_addsub_sf.o) (__pack_f)
d:/documents/embedded/iti summer training 2023/01- embedded systems avr tools/01- imt sdk/imt_sdk_win_64/winavr/bin/../lib/gcc/avr/4.3.3/avr5\libgcc.a(_unpack_sf.o)
                              d:/documents/embedded/iti summer training 2023/01- embedded systems avr tools/01- imt sdk/imt_sdk_win_64/winavr/bin/../lib/gcc/avr/4.3.3/avr5\libgcc.a(_addsub_sf.o) (__unpack_f)
d:/documents/embedded/iti summer training 2023/01- embedded systems avr tools/01- imt sdk/imt_sdk_win_64/winavr/bin/../lib/gcc/avr/4.3.3/avr5\libgcc.a(_fpcmp_parts_sf.o)
                              d:/documents/embedded/iti summer training 2023/01- embedded systems avr tools/01- imt sdk/imt_sdk_win_64/winavr/bin/../lib/gcc/avr/4.3.3/avr5\libgcc.a(_gt_sf.o) (__fpcmp_parts_f)

Allocating common symbols
Common symbol       size              file

Global_u16Periodms  0x2               ./main.o

Memory Configuration

Name             Origin             Length             Attributes
text             0x00000000         0x00020000         xr
data             0x00800060         0x0000ffa0         rw !x
eeprom           0x00810000         0x00010000         rw !x
fuse             0x00820000         0x00000400         rw !x
lock             0x00830000         0x00000400         rw !x
signature        0x00840000         0x00000400         rw !x
*default*        0x00000000         0xffffffff

Linker script and memory map

LOAD d:/documents/embedded/iti summer training 2023/01- embedded systems avr tools/01- imt sdk/imt_sdk_win_64/winavr/bin/../lib/gcc/avr/4.3.3/../../../../avr/lib/avr5/crtm32.o
LOAD ./MCAL/TIM0/TIM0.o
LOAD ./MCAL/INT/INT.o
LOAD ./MCAL/DIO/DIO.o
LOAD ./MCAL/ADC/ADC.o
LOAD ./HAL/SSD/SSD.o
LOAD ./HAL/LCD/LCD.o
LOAD ./HAL/KEYPAD/KEYPAD.o
LOAD ./main.o
LOAD d:/documents/embedded/iti summer training 2023/01- embedded systems avr tools/01- imt sdk/imt_sdk_win_64/winavr/bin/../lib/gcc/avr/4.3.3/avr5\libgcc.a
LOAD d:/documents/embedded/iti summer training 2023/01- embedded systems avr tools/01- imt sdk/imt_sdk_win_64/winavr/bin/../lib/gcc/avr/4.3.3/../../../../avr/lib/avr5\libc.a
LOAD d:/documents/embedded/iti summer training 2023/01- embedded systems avr tools/01- imt sdk/imt_sdk_win_64/winavr/bin/../lib/gcc/avr/4.3.3/avr5\libgcc.a

.hash
 *(.hash)

.dynsym
 *(.dynsym)

.dynstr
 *(.dynstr)

.gnu.version
 *(.gnu.version)

.gnu.version_d
 *(.gnu.version_d)

.gnu.version_r
 *(.gnu.version_r)

.rel.init
 *(.rel.init)

.rela.init
 *(.rela.init)

.rel.text
 *(.rel.text)
 *(.rel.text.*)
 *(.rel.gnu.linkonce.t*)

.rela.text
 *(.rela.text)
 *(.rela.text.*)
 *(.rela.gnu.linkonce.t*)

.rel.fini
 *(.rel.fini)

.rela.fini
 *(.rela.fini)

.rel.rodata
 *(.rel.rodata)
 *(.rel.rodata.*)
 *(.rel.gnu.linkonce.r*)

.rela.rodata
 *(.rela.rodata)
 *(.rela.rodata.*)
 *(.rela.gnu.linkonce.r*)

.rel.data
 *(.rel.data)
 *(.rel.data.*)
 *(.rel.gnu.linkonce.d*)

.rela.data
 *(.rela.data)
 *(.rela.data.*)
 *(.rela.gnu.linkonce.d*)

.rel.ctors
 *(.rel.ctors)

.rela.ctors
 *(.rela.ctors)

.rel.dtors
 *(.rel.dtors)

.rela.dtors
 *(.rela.dtors)

.rel.got
 *(.rel.got)

.rela.got
 *(.rela.got)

.rel.bss
 *(.rel.bss)

.rela.bss
 *(.rela.bss)

.rel.plt
 *(.rel.plt)

.rela.plt
 *(.rela.plt)

.text           0x00000000     0x2d52
 *(.vectors)
 .vectors       0x00000000       0x54 d:/documents/embedded/iti summer training 2023/01- embedded systems avr tools/01- imt sdk/imt_sdk_win_64/winavr/bin/../lib/gcc/avr/4.3.3/../../../../avr/lib/avr5/crtm32.o
                0x00000000                __vectors
                0x00000000                __vector_default
 *(.vectors)
 *(.progmem.gcc*)
 *(.progmem*)
                0x00000054                . = ALIGN (0x2)
                0x00000054                __trampolines_start = .
 *(.trampolines)
 .trampolines   0x00000054        0x0 linker stubs
 *(.trampolines*)
                0x00000054                __trampolines_end = .
 *(.jumptables)
 *(.jumptables*)
 *(.lowtext)
 *(.lowtext*)
                0x00000054                __ctors_start = .
 *(.ctors)
                0x00000054                __ctors_end = .
                0x00000054                __dtors_start = .
 *(.dtors)
                0x00000054                __dtors_end = .
 SORT(*)(.ctors)
 SORT(*)(.dtors)
 *(.init0)
 .init0         0x00000054        0x0 d:/documents/embedded/iti summer training 2023/01- embedded systems avr tools/01- imt sdk/imt_sdk_win_64/winavr/bin/../lib/gcc/avr/4.3.3/../../../../avr/lib/avr5/crtm32.o
                0x00000054                __init
 *(.init0)
 *(.init1)
 *(.init1)
 *(.init2)
 .init2         0x00000054        0xc d:/documents/embedded/iti summer training 2023/01- embedded systems avr tools/01- imt sdk/imt_sdk_win_64/winavr/bin/../lib/gcc/avr/4.3.3/../../../../avr/lib/avr5/crtm32.o
 *(.init2)
 *(.init3)
 *(.init3)
 *(.init4)
 .init4         0x00000060       0x16 d:/documents/embedded/iti summer training 2023/01- embedded systems avr tools/01- imt sdk/imt_sdk_win_64/winavr/bin/../lib/gcc/avr/4.3.3/avr5\libgcc.a(_copy_data.o)
                0x00000060                __do_copy_data
 .init4         0x00000076       0x10 d:/documents/embedded/iti summer training 2023/01- embedded systems avr tools/01- imt sdk/imt_sdk_win_64/winavr/bin/../lib/gcc/avr/4.3.3/avr5\libgcc.a(_clear_bss.o)
                0x00000076                __do_clear_bss
 *(.init4)
 *(.init5)
 *(.init5)
 *(.init6)
 *(.init6)
 *(.init7)
 *(.init7)
 *(.init8)
 *(.init8)
 *(.init9)
 .init9         0x00000086        0x8 d:/documents/embedded/iti summer training 2023/01- embedded systems avr tools/01- imt sdk/imt_sdk_win_64/winavr/bin/../lib/gcc/avr/4.3.3/../../../../avr/lib/avr5/crtm32.o
 *(.init9)
 *(.text)
 .text          0x0000008e        0x4 d:/documents/embedded/iti summer training 2023/01- embedded systems avr tools/01- imt sdk/imt_sdk_win_64/winavr/bin/../lib/gcc/avr/4.3.3/../../../../avr/lib/avr5/crtm32.o
                0x0000008e                __vector_12
                0x0000008e                __bad_interrupt
                0x0000008e                __vector_6
                0x0000008e                __vector_13
                0x0000008e                __vector_17
                0x0000008e                __vector_19
                0x0000008e                __vector_7
                0x0000008e                __vector_5
                0x0000008e                __vector_4
                0x0000008e                __vector_9
                0x0000008e                __vector_15
                0x0000008e                __vector_8
                0x0000008e                __vector_14
                0x0000008e                __vector_16
                0x0000008e                __vector_18
                0x0000008e                __vector_20
 .text          0x00000092        0x0 ./MCAL/TIM0/TIM0.o
 .text          0x00000092        0x0 ./MCAL/INT/INT.o
 .text          0x00000092        0x0 ./MCAL/DIO/DIO.o
 .text          0x00000092        0x0 ./MCAL/ADC/ADC.o
 .text          0x00000092        0x0 ./HAL/SSD/SSD.o
 .text          0x00000092        0x0 ./HAL/LCD/LCD.o
 .text          0x00000092        0x0 ./HAL/KEYPAD/KEYPAD.o
 .text          0x00000092        0x0 ./main.o
 .text          0x00000092        0x0 d:/documents/embedded/iti summer training 2023/01- embedded systems avr tools/01- imt sdk/imt_sdk_win_64/winavr/bin/../lib/gcc/avr/4.3.3/avr5\libgcc.a(_udivmodqi4.o)
 .text          0x00000092        0x0 d:/documents/embedded/iti summer training 2023/01- embedded systems avr tools/01- imt sdk/imt_sdk_win_64/winavr/bin/../lib/gcc/avr/4.3.3/avr5\libgcc.a(_udivmodsi4.o)
 .text          0x00000092        0x0 d:/documents/embedded/iti summer training 2023/01- embedded systems avr tools/01- imt sdk/imt_sdk_win_64/winavr/bin/../lib/gcc/avr/4.3.3/avr5\libgcc.a(_exit.o)
 .text          0x00000092        0x0 d:/documents/embedded/iti summer training 2023/01- embedded systems avr tools/01- imt sdk/imt_sdk_win_64/winavr/bin/../lib/gcc/avr/4.3.3/avr5\libgcc.a(_copy_data.o)
 .text          0x00000092        0x0 d:/documents/embedded/iti summer training 2023/01- embedded systems avr tools/01- imt sdk/imt_sdk_win_64/winavr/bin/../lib/gcc/avr/4.3.3/avr5\libgcc.a(_clear_bss.o)
 .text          0x00000092       0x58 d:/documents/embedded/iti summer training 2023/01- embedded systems avr tools/01- imt sdk/imt_sdk_win_64/winavr/bin/../lib/gcc/avr/4.3.3/avr5\libgcc.a(_fixunssfsi.o)
                0x00000092                __fixunssfsi
 .text          0x000000ea      0x354 d:/documents/embedded/iti summer training 2023/01- embedded systems avr tools/01- imt sdk/imt_sdk_win_64/winavr/bin/../lib/gcc/avr/4.3.3/avr5\libgcc.a(_addsub_sf.o)
                0x00000382                __subsf3
                0x000003e4                __addsf3
 .text          0x0000043e      0x1f4 d:/documents/embedded/iti summer training 2023/01- embedded systems avr tools/01- imt sdk/imt_sdk_win_64/winavr/bin/../lib/gcc/avr/4.3.3/avr5\libgcc.a(_mul_sf.o)
                0x0000043e                __mulsf3
 .text          0x00000632      0x158 d:/documents/embedded/iti summer training 2023/01- embedded systems avr tools/01- imt sdk/imt_sdk_win_64/winavr/bin/../lib/gcc/avr/4.3.3/avr5\libgcc.a(_div_sf.o)
                0x00000632                __divsf3
 .text          0x0000078a       0x60 d:/documents/embedded/iti summer training 2023/01- embedded systems avr tools/01- imt sdk/imt_sdk_win_64/winavr/bin/../lib/gcc/avr/4.3.3/avr5\libgcc.a(_gt_sf.o)
                0x0000078a                __gtsf2
 .text          0x000007ea       0x60 d:/documents/embedded/iti summer training 2023/01- embedded systems avr tools/01- imt sdk/imt_sdk_win_64/winavr/bin/../lib/gcc/avr/4.3.3/avr5\libgcc.a(_ge_sf.o)
                0x000007ea                __gesf2
 .text          0x0000084a       0x60 d:/documents/embedded/iti summer training 2023/01- embedded systems avr tools/01- imt sdk/imt_sdk_win_64/winavr/bin/../lib/gcc/avr/4.3.3/avr5\libgcc.a(_lt_sf.o)
                0x0000084a                __ltsf2
 .text          0x000008aa       0xa8 d:/documents/embedded/iti summer training 2023/01- embedded systems avr tools/01- imt sdk/imt_sdk_win_64/winavr/bin/../lib/gcc/avr/4.3.3/avr5\libgcc.a(_sf_to_si.o)
                0x000008aa                __fixsfsi
 .text          0x00000952        0x0 d:/documents/embedded/iti summer training 2023/01- embedded systems avr tools/01- imt sdk/imt_sdk_win_64/winavr/bin/../lib/gcc/avr/4.3.3/avr5\libgcc.a(_thenan_sf.o)
 .text          0x00000952        0x0 d:/documents/embedded/iti summer training 2023/01- embedded systems avr tools/01- imt sdk/imt_sdk_win_64/winavr/bin/../lib/gcc/avr/4.3.3/avr5\libgcc.a(_prologue.o)
 .text          0x00000952        0x0 d:/documents/embedded/iti summer training 2023/01- embedded systems avr tools/01- imt sdk/imt_sdk_win_64/winavr/bin/../lib/gcc/avr/4.3.3/avr5\libgcc.a(_epilogue.o)
 .text          0x00000952      0x1aa d:/documents/embedded/iti summer training 2023/01- embedded systems avr tools/01- imt sdk/imt_sdk_win_64/winavr/bin/../lib/gcc/avr/4.3.3/avr5\libgcc.a(_pack_sf.o)
                0x00000952                __pack_f
 .text          0x00000afc       0xf0 d:/documents/embedded/iti summer training 2023/01- embedded systems avr tools/01- imt sdk/imt_sdk_win_64/winavr/bin/../lib/gcc/avr/4.3.3/avr5\libgcc.a(_unpack_sf.o)
                0x00000afc                __unpack_f
 .text          0x00000bec       0xb2 d:/documents/embedded/iti summer training 2023/01- embedded systems avr tools/01- imt sdk/imt_sdk_win_64/winavr/bin/../lib/gcc/avr/4.3.3/avr5\libgcc.a(_fpcmp_parts_sf.o)
                0x00000bec                __fpcmp_parts_f
                0x00000c9e                . = ALIGN (0x2)
 *(.text.*)
 .text.TIM0_voidInit
                0x00000c9e       0x2a ./MCAL/TIM0/TIM0.o
                0x00000c9e                TIM0_voidInit
 .text.TIM0_voidSetPreValue
                0x00000cc8       0x1c ./MCAL/TIM0/TIM0.o
                0x00000cc8                TIM0_voidSetPreValue
 .text.TIM0_voidTimerStart
                0x00000ce4       0x32 ./MCAL/TIM0/TIM0.o
                0x00000ce4                TIM0_voidTimerStart
 .text.TIM0_voidOVFINTControl
                0x00000d16       0x38 ./MCAL/TIM0/TIM0.o
                0x00000d16                TIM0_voidOVFINTControl
 .text.TIM0_voidSetCompareMatch
                0x00000d4e       0xc4 ./MCAL/TIM0/TIM0.o
                0x00000d4e                TIM0_voidSetCompareMatch
 .text.TIM0_voidSetCompareMatchValue
                0x00000e12       0x1c ./MCAL/TIM0/TIM0.o
                0x00000e12                TIM0_voidSetCompareMatchValue
 .text.TIM0_voidSetCompareMatchINTControl
                0x00000e2e       0x38 ./MCAL/TIM0/TIM0.o
                0x00000e2e                TIM0_voidSetCompareMatchINTControl
 .text.TIM0_voidTimerStop
                0x00000e66       0x1c ./MCAL/TIM0/TIM0.o
                0x00000e66                TIM0_voidTimerStop
 .text.TIM0_voidOVFCallback
                0x00000e82       0x24 ./MCAL/TIM0/TIM0.o
                0x00000e82                TIM0_voidOVFCallback
 .text.TIM0_voidCompareMatchCallback
                0x00000ea6       0x24 ./MCAL/TIM0/TIM0.o
                0x00000ea6                TIM0_voidCompareMatchCallback
 .text.TIM0_voidPWMGenerator
                0x00000eca       0x18 ./MCAL/TIM0/TIM0.o
                0x00000eca                TIM0_voidPWMGenerator
 .text.__vector_11
                0x00000ee2       0x66 ./MCAL/TIM0/TIM0.o
                0x00000ee2                __vector_11
 .text.__vector_10
                0x00000f48       0x66 ./MCAL/TIM0/TIM0.o
                0x00000f48                __vector_10
 .text.INT_voidEnable
                0x00000fae      0x228 ./MCAL/INT/INT.o
                0x00000fae                INT_voidEnable
 .text.INT_voidDisable
                0x000011d6       0x6e ./MCAL/INT/INT.o
                0x000011d6                INT_voidDisable
 .text.INT_voidSetCallback
                0x00001244       0x72 ./MCAL/INT/INT.o
                0x00001244                INT_voidSetCallback
 .text.__vector_1
                0x000012b6       0x66 ./MCAL/INT/INT.o
                0x000012b6                __vector_1
 .text.__vector_2
                0x0000131c       0x66 ./MCAL/INT/INT.o
                0x0000131c                __vector_2
 .text.__vector_3
                0x00001382       0x66 ./MCAL/INT/INT.o
                0x00001382                __vector_3
 .text.DIO_voidSetPinDirection
                0x000013e8      0x38c ./MCAL/DIO/DIO.o
                0x000013e8                DIO_voidSetPinDirection
 .text.DIO_voidSetPinValue
                0x00001774      0x208 ./MCAL/DIO/DIO.o
                0x00001774                DIO_voidSetPinValue
 .text.DIO_voidTogglePinValue
                0x0000197c      0x102 ./MCAL/DIO/DIO.o
                0x0000197c                DIO_voidTogglePinValue
 .text.DIO_u8GetPinValue
                0x00001a7e      0x112 ./MCAL/DIO/DIO.o
                0x00001a7e                DIO_u8GetPinValue
 .text.DIO_voidSetPortDirection
                0x00001b90       0x82 ./MCAL/DIO/DIO.o
                0x00001b90                DIO_voidSetPortDirection
 .text.DIO_voidSetPortValue
                0x00001c12       0x82 ./MCAL/DIO/DIO.o
                0x00001c12                DIO_voidSetPortValue
 .text.ADC_voidInit
                0x00001c94       0x5e ./MCAL/ADC/ADC.o
                0x00001c94                ADC_voidInit
 .text.ADC_u16GetDigitalValue
                0x00001cf2       0x5e ./MCAL/ADC/ADC.o
                0x00001cf2                ADC_u16GetDigitalValue
 .text.ADC_voidDisable
                0x00001d50       0x1c ./MCAL/ADC/ADC.o
                0x00001d50                ADC_voidDisable
 .text.SSD_voidInitSingleDigit
                0x00001d6c       0x1c ./HAL/SSD/SSD.o
                0x00001d6c                SSD_voidInitSingleDigit
 .text.SSD_voidInitDoubleDigit
                0x00001d88       0x28 ./HAL/SSD/SSD.o
                0x00001d88                SSD_voidInitDoubleDigit
 .text.SSD_voidWriteSingleDigit
                0x00001db0       0x2e ./HAL/SSD/SSD.o
                0x00001db0                SSD_voidWriteSingleDigit
 .text.SSD_voidWriteDoubleDigit
                0x00001dde       0x5c ./HAL/SSD/SSD.o
                0x00001dde                SSD_voidWriteDoubleDigit
 .text.LCD_voidInit
                0x00001e3a      0x5a6 ./HAL/LCD/LCD.o
                0x00001e3a                LCD_voidInit
 .text.LCD_voidSendCommand
                0x000023e0      0x1d4 ./HAL/LCD/LCD.o
                0x000023e0                LCD_voidSendCommand
 .text.LCD_voidSendChar
                0x000025b4      0x1d4 ./HAL/LCD/LCD.o
                0x000025b4                LCD_voidSendChar
 .text.LCD_voidSendString
                0x00002788       0x38 ./HAL/LCD/LCD.o
                0x00002788                LCD_voidSendString
 .text.LCD_voidSendNumber
                0x000027c0      0x110 ./HAL/LCD/LCD.o
                0x000027c0                LCD_voidSendNumber
 .text.LCD_voidSetLocation
                0x000028d0       0x50 ./HAL/LCD/LCD.o
                0x000028d0                LCD_voidSetLocation
 .text.LCD_voidDrawSpecialChar
                0x00002920       0x64 ./HAL/LCD/LCD.o
                0x00002920                LCD_voidDrawSpecialChar
 .text.LCD_voidSendSpecialChar
                0x00002984       0x1a ./HAL/LCD/LCD.o
                0x00002984                LCD_voidSendSpecialChar
 .text.KPD_voidInit
                0x0000299e       0x52 ./HAL/KEYPAD/KEYPAD.o
                0x0000299e                KPD_voidInit
 .text.KPD_u8GetPressedKey
                0x000029f0      0x1be ./HAL/KEYPAD/KEYPAD.o
                0x000029f0                KPD_u8GetPressedKey
 .text.main     0x00002bae       0x62 ./main.o
                0x00002bae                main
 .text.CallbackFunc
                0x00002c10       0x74 ./main.o
                0x00002c10                CallbackFunc
 .text.libgcc   0x00002c84       0x18 d:/documents/embedded/iti summer training 2023/01- embedded systems avr tools/01- imt sdk/imt_sdk_win_64/winavr/bin/../lib/gcc/avr/4.3.3/avr5\libgcc.a(_udivmodqi4.o)
                0x00002c84                __udivmodqi4
 .text.libgcc   0x00002c9c       0x44 d:/documents/embedded/iti summer training 2023/01- embedded systems avr tools/01- imt sdk/imt_sdk_win_64/winavr/bin/../lib/gcc/avr/4.3.3/avr5\libgcc.a(_udivmodsi4.o)
                0x00002c9c                __udivmodsi4
 .text.libgcc   0x00002ce0        0x0 d:/documents/embedded/iti summer training 2023/01- embedded systems avr tools/01- imt sdk/imt_sdk_win_64/winavr/bin/../lib/gcc/avr/4.3.3/avr5\libgcc.a(_exit.o)
 .text.libgcc   0x00002ce0        0x0 d:/documents/embedded/iti summer training 2023/01- embedded systems avr tools/01- imt sdk/imt_sdk_win_64/winavr/bin/../lib/gcc/avr/4.3.3/avr5\libgcc.a(_copy_data.o)
 .text.libgcc   0x00002ce0        0x0 d:/documents/embedded/iti summer training 2023/01- embedded systems avr tools/01- imt sdk/imt_sdk_win_64/winavr/bin/../lib/gcc/avr/4.3.3/avr5\libgcc.a(_clear_bss.o)
 .text.libgcc   0x00002ce0       0x38 d:/documents/embedded/iti summer training 2023/01- embedded systems avr tools/01- imt sdk/imt_sdk_win_64/winavr/bin/../lib/gcc/avr/4.3.3/avr5\libgcc.a(_prologue.o)
                0x00002ce0                __prologue_saves__
 .text.libgcc   0x00002d18       0x36 d:/documents/embedded/iti summer training 2023/01- embedded systems avr tools/01- imt sdk/imt_sdk_win_64/winavr/bin/../lib/gcc/avr/4.3.3/avr5\libgcc.a(_epilogue.o)
                0x00002d18                __epilogue_restores__
                0x00002d4e                . = ALIGN (0x2)
 *(.fini9)
 .fini9         0x00002d4e        0x0 d:/documents/embedded/iti summer training 2023/01- embedded systems avr tools/01- imt sdk/imt_sdk_win_64/winavr/bin/../lib/gcc/avr/4.3.3/avr5\libgcc.a(_exit.o)
                0x00002d4e                exit
                0x00002d4e                _exit
 *(.fini9)
 *(.fini8)
 *(.fini8)
 *(.fini7)
 *(.fini7)
 *(.fini6)
 *(.fini6)
 *(.fini5)
 *(.fini5)
 *(.fini4)
 *(.fini4)
 *(.fini3)
 *(.fini3)
 *(.fini2)
 *(.fini2)
 *(.fini1)
 *(.fini1)
 *(.fini0)
 .fini0         0x00002d4e        0x4 d:/documents/embedded/iti summer training 2023/01- embedded systems avr tools/01- imt sdk/imt_sdk_win_64/winavr/bin/../lib/gcc/avr/4.3.3/avr5\libgcc.a(_exit.o)
 *(.fini0)
                0x00002d52                _etext = .

.data           0x00800060       0x2c load address 0x00002d52
                0x00800060                PROVIDE (__data_start, .)
 *(.data)
 .data          0x00800060        0x0 d:/documents/embedded/iti summer training 2023/01- embedded systems avr tools/01- imt sdk/imt_sdk_win_64/winavr/bin/../lib/gcc/avr/4.3.3/../../../../avr/lib/avr5/crtm32.o
 .data          0x00800060        0x0 ./MCAL/TIM0/TIM0.o
 .data          0x00800060        0x0 ./MCAL/INT/INT.o
 .data          0x00800060        0x0 ./MCAL/DIO/DIO.o
 .data          0x00800060        0x0 ./MCAL/ADC/ADC.o
 .data          0x00800060        0x0 ./HAL/SSD/SSD.o
 .data          0x00800060        0x0 ./HAL/LCD/LCD.o
 .data          0x00800060        0x0 ./HAL/KEYPAD/KEYPAD.o
 .data          0x00800060        0x0 ./main.o
 .data          0x00800060        0x0 d:/documents/embedded/iti summer training 2023/01- embedded systems avr tools/01- imt sdk/imt_sdk_win_64/winavr/bin/../lib/gcc/avr/4.3.3/avr5\libgcc.a(_udivmodqi4.o)
 .data          0x00800060        0x0 d:/documents/embedded/iti summer training 2023/01- embedded systems avr tools/01- imt sdk/imt_sdk_win_64/winavr/bin/../lib/gcc/avr/4.3.3/avr5\libgcc.a(_udivmodsi4.o)
 .data          0x00800060        0x0 d:/documents/embedded/iti summer training 2023/01- embedded systems avr tools/01- imt sdk/imt_sdk_win_64/winavr/bin/../lib/gcc/avr/4.3.3/avr5\libgcc.a(_exit.o)
 .data          0x00800060        0x0 d:/documents/embedded/iti summer training 2023/01- embedded systems avr tools/01- imt sdk/imt_sdk_win_64/winavr/bin/../lib/gcc/avr/4.3.3/avr5\libgcc.a(_copy_data.o)
 .data          0x00800060        0x0 d:/documents/embedded/iti summer training 2023/01- embedded systems avr tools/01- imt sdk/imt_sdk_win_64/winavr/bin/../lib/gcc/avr/4.3.3/avr5\libgcc.a(_clear_bss.o)
 .data          0x00800060        0x0 d:/documents/embedded/iti summer training 2023/01- embedded systems avr tools/01- imt sdk/imt_sdk_win_64/winavr/bin/../lib/gcc/avr/4.3.3/avr5\libgcc.a(_fixunssfsi.o)
 .data          0x00800060        0x0 d:/documents/embedded/iti summer training 2023/01- embedded systems avr tools/01- imt sdk/imt_sdk_win_64/winavr/bin/../lib/gcc/avr/4.3.3/avr5\libgcc.a(_addsub_sf.o)
 .data          0x00800060        0x0 d:/documents/embedded/iti summer training 2023/01- embedded systems avr tools/01- imt sdk/imt_sdk_win_64/winavr/bin/../lib/gcc/avr/4.3.3/avr5\libgcc.a(_mul_sf.o)
 .data          0x00800060        0x0 d:/documents/embedded/iti summer training 2023/01- embedded systems avr tools/01- imt sdk/imt_sdk_win_64/winavr/bin/../lib/gcc/avr/4.3.3/avr5\libgcc.a(_div_sf.o)
 .data          0x00800060        0x0 d:/documents/embedded/iti summer training 2023/01- embedded systems avr tools/01- imt sdk/imt_sdk_win_64/winavr/bin/../lib/gcc/avr/4.3.3/avr5\libgcc.a(_gt_sf.o)
 .data          0x00800060        0x0 d:/documents/embedded/iti summer training 2023/01- embedded systems avr tools/01- imt sdk/imt_sdk_win_64/winavr/bin/../lib/gcc/avr/4.3.3/avr5\libgcc.a(_ge_sf.o)
 .data          0x00800060        0x0 d:/documents/embedded/iti summer training 2023/01- embedded systems avr tools/01- imt sdk/imt_sdk_win_64/winavr/bin/../lib/gcc/avr/4.3.3/avr5\libgcc.a(_lt_sf.o)
 .data          0x00800060        0x0 d:/documents/embedded/iti summer training 2023/01- embedded systems avr tools/01- imt sdk/imt_sdk_win_64/winavr/bin/../lib/gcc/avr/4.3.3/avr5\libgcc.a(_sf_to_si.o)
 .data          0x00800060        0x8 d:/documents/embedded/iti summer training 2023/01- embedded systems avr tools/01- imt sdk/imt_sdk_win_64/winavr/bin/../lib/gcc/avr/4.3.3/avr5\libgcc.a(_thenan_sf.o)
                0x00800060                __thenan_sf
 .data          0x00800068        0x0 d:/documents/embedded/iti summer training 2023/01- embedded systems avr tools/01- imt sdk/imt_sdk_win_64/winavr/bin/../lib/gcc/avr/4.3.3/avr5\libgcc.a(_prologue.o)
 .data          0x00800068        0x0 d:/documents/embedded/iti summer training 2023/01- embedded systems avr tools/01- imt sdk/imt_sdk_win_64/winavr/bin/../lib/gcc/avr/4.3.3/avr5\libgcc.a(_epilogue.o)
 .data          0x00800068        0x0 d:/documents/embedded/iti summer training 2023/01- embedded systems avr tools/01- imt sdk/imt_sdk_win_64/winavr/bin/../lib/gcc/avr/4.3.3/avr5\libgcc.a(_pack_sf.o)
 .data          0x00800068        0x0 d:/documents/embedded/iti summer training 2023/01- embedded systems avr tools/01- imt sdk/imt_sdk_win_64/winavr/bin/../lib/gcc/avr/4.3.3/avr5\libgcc.a(_unpack_sf.o)
 .data          0x00800068        0x0 d:/documents/embedded/iti summer training 2023/01- embedded systems avr tools/01- imt sdk/imt_sdk_win_64/winavr/bin/../lib/gcc/avr/4.3.3/avr5\libgcc.a(_fpcmp_parts_sf.o)
 *(.data*)
 .data.SSD_mappingArray
                0x00800068        0xa ./HAL/SSD/SSD.o
                0x00800068                SSD_mappingArray
 .data.KPD_Au8Keys
                0x00800072       0x10 ./HAL/KEYPAD/KEYPAD.o
                0x00800072                KPD_Au8Keys
 .data.KPD_Au8RowPins
                0x00800082        0x4 ./HAL/KEYPAD/KEYPAD.o
                0x00800082                KPD_Au8RowPins
 .data.KPD_Au8ColPins
                0x00800086        0x4 ./HAL/KEYPAD/KEYPAD.o
                0x00800086                KPD_Au8ColPins
 .data.Global_u16Frequency
                0x0080008a        0x2 ./main.o
                0x0080008a                Global_u16Frequency
 *(.rodata)
 *(.rodata*)
 *(.gnu.linkonce.d*)
                0x0080008c                . = ALIGN (0x2)
                0x0080008c                _edata = .
                0x0080008c                PROVIDE (__data_end, .)

.bss            0x0080008c       0x10
                0x0080008c                PROVIDE (__bss_start, .)
 *(.bss)
 .bss           0x0080008c        0x0 d:/documents/embedded/iti summer training 2023/01- embedded systems avr tools/01- imt sdk/imt_sdk_win_64/winavr/bin/../lib/gcc/avr/4.3.3/../../../../avr/lib/avr5/crtm32.o
 .bss           0x0080008c        0x0 ./MCAL/TIM0/TIM0.o
 .bss           0x0080008c        0x0 ./MCAL/INT/INT.o
 .bss           0x0080008c        0x0 ./MCAL/DIO/DIO.o
 .bss           0x0080008c        0x0 ./MCAL/ADC/ADC.o
 .bss           0x0080008c        0x0 ./HAL/SSD/SSD.o
 .bss           0x0080008c        0x0 ./HAL/LCD/LCD.o
 .bss           0x0080008c        0x0 ./HAL/KEYPAD/KEYPAD.o
 .bss           0x0080008c        0x0 ./main.o
 .bss           0x0080008c        0x0 d:/documents/embedded/iti summer training 2023/01- embedded systems avr tools/01- imt sdk/imt_sdk_win_64/winavr/bin/../lib/gcc/avr/4.3.3/avr5\libgcc.a(_udivmodqi4.o)
 .bss           0x0080008c        0x0 d:/documents/embedded/iti summer training 2023/01- embedded systems avr tools/01- imt sdk/imt_sdk_win_64/winavr/bin/../lib/gcc/avr/4.3.3/avr5\libgcc.a(_udivmodsi4.o)
 .bss           0x0080008c        0x0 d:/documents/embedded/iti summer training 2023/01- embedded systems avr tools/01- imt sdk/imt_sdk_win_64/winavr/bin/../lib/gcc/avr/4.3.3/avr5\libgcc.a(_exit.o)
 .bss           0x0080008c        0x0 d:/documents/embedded/iti summer training 2023/01- embedded systems avr tools/01- imt sdk/imt_sdk_win_64/winavr/bin/../lib/gcc/avr/4.3.3/avr5\libgcc.a(_copy_data.o)
 .bss           0x0080008c        0x0 d:/documents/embedded/iti summer training 2023/01- embedded systems avr tools/01- imt sdk/imt_sdk_win_64/winavr/bin/../lib/gcc/avr/4.3.3/avr5\libgcc.a(_clear_bss.o)
 .bss           0x0080008c        0x0 d:/documents/embedded/iti summer training 2023/01- embedded systems avr tools/01- imt sdk/imt_sdk_win_64/winavr/bin/../lib/gcc/avr/4.3.3/avr5\libgcc.a(_fixunssfsi.o)
 .bss           0x0080008c        0x0 d:/documents/embedded/iti summer training 2023/01- embedded systems avr tools/01- imt sdk/imt_sdk_win_64/winavr/bin/../lib/gcc/avr/4.3.3/avr5\libgcc.a(_addsub_sf.o)
 .bss           0x0080008c        0x0 d:/documents/embedded/iti summer training 2023/01- embedded systems avr tools/01- imt sdk/imt_sdk_win_64/winavr/bin/../lib/gcc/avr/4.3.3/avr5\libgcc.a(_mul_sf.o)
 .bss           0x0080008c        0x0 d:/documents/embedded/iti summer training 2023/01- embedded systems avr tools/01- imt sdk/imt_sdk_win_64/winavr/bin/../lib/gcc/avr/4.3.3/avr5\libgcc.a(_div_sf.o)
 .bss           0x0080008c        0x0 d:/documents/embedded/iti summer training 2023/01- embedded systems avr tools/01- imt sdk/imt_sdk_win_64/winavr/bin/../lib/gcc/avr/4.3.3/avr5\libgcc.a(_gt_sf.o)
 .bss           0x0080008c        0x0 d:/documents/embedded/iti summer training 2023/01- embedded systems avr tools/01- imt sdk/imt_sdk_win_64/winavr/bin/../lib/gcc/avr/4.3.3/avr5\libgcc.a(_ge_sf.o)
 .bss           0x0080008c        0x0 d:/documents/embedded/iti summer training 2023/01- embedded systems avr tools/01- imt sdk/imt_sdk_win_64/winavr/bin/../lib/gcc/avr/4.3.3/avr5\libgcc.a(_lt_sf.o)
 .bss           0x0080008c        0x0 d:/documents/embedded/iti summer training 2023/01- embedded systems avr tools/01- imt sdk/imt_sdk_win_64/winavr/bin/../lib/gcc/avr/4.3.3/avr5\libgcc.a(_sf_to_si.o)
 .bss           0x0080008c        0x0 d:/documents/embedded/iti summer training 2023/01- embedded systems avr tools/01- imt sdk/imt_sdk_win_64/winavr/bin/../lib/gcc/avr/4.3.3/avr5\libgcc.a(_thenan_sf.o)
 .bss           0x0080008c        0x0 d:/documents/embedded/iti summer training 2023/01- embedded systems avr tools/01- imt sdk/imt_sdk_win_64/winavr/bin/../lib/gcc/avr/4.3.3/avr5\libgcc.a(_prologue.o)
 .bss           0x0080008c        0x0 d:/documents/embedded/iti summer training 2023/01- embedded systems avr tools/01- imt sdk/imt_sdk_win_64/winavr/bin/../lib/gcc/avr/4.3.3/avr5\libgcc.a(_epilogue.o)
 .bss           0x0080008c        0x0 d:/documents/embedded/iti summer training 2023/01- embedded systems avr tools/01- imt sdk/imt_sdk_win_64/winavr/bin/../lib/gcc/avr/4.3.3/avr5\libgcc.a(_pack_sf.o)
 .bss           0x0080008c        0x0 d:/documents/embedded/iti summer training 2023/01- embedded systems avr tools/01- imt sdk/imt_sdk_win_64/winavr/bin/../lib/gcc/avr/4.3.3/avr5\libgcc.a(_unpack_sf.o)
 .bss           0x0080008c        0x0 d:/documents/embedded/iti summer training 2023/01- embedded systems avr tools/01- imt sdk/imt_sdk_win_64/winavr/bin/../lib/gcc/avr/4.3.3/avr5\libgcc.a(_fpcmp_parts_sf.o)
 *(.bss*)
 .bss.Global_ISR_TIM0_OVF_ptr
                0x0080008c        0x2 ./MCAL/TIM0/TIM0.o
                0x0080008c                Global_ISR_TIM0_OVF_ptr
 .bss.Global_ISR_TIM0_CM_ptr
                0x0080008e        0x2 ./MCAL/TIM0/TIM0.o
                0x0080008e                Global_ISR_TIM0_CM_ptr
 .bss.Global_ISR_INT0_ptr
                0x00800090        0x2 ./MCAL/INT/INT.o
                0x00800090                Global_ISR_INT0_ptr
 .bss.Global_ISR_INT1_ptr
                0x00800092        0x2 ./MCAL/INT/INT.o
                0x00800092                Global_ISR_INT1_ptr
 .bss.Global_ISR_INT2_ptr
                0x00800094        0x2 ./MCAL/INT/INT.o
                0x00800094                Global_ISR_INT2_ptr
 .bss.Local_u16Count_1.1288
                0x00800096        0x2 ./main.o
 .bss.Local_u16Count.1287
                0x00800098        0x2 ./main.o
 *(COMMON)
 COMMON         0x0080009a        0x2 ./main.o
                0x0080009a                Global_u16Periodms
                0x0080009c                PROVIDE (__bss_end, .)
                0x00002d52                __data_load_start = LOADADDR (.data)
                0x00002d7e                __data_load_end = (__data_load_start + SIZEOF (.data))

.noinit         0x0080009c        0x0
                0x0080009c                PROVIDE (__noinit_start, .)
 *(.noinit*)
                0x0080009c                PROVIDE (__noinit_end, .)
                0x0080009c                _end = .
                0x0080009c                PROVIDE (__heap_start, .)

.eeprom         0x00810000        0x0
 *(.eeprom*)
                0x00810000                __eeprom_end = .

.fuse
 *(.fuse)
 *(.lfuse)
 *(.hfuse)
 *(.efuse)

.lock
 *(.lock*)

.signature
 *(.signature*)

.stab           0x00000000     0x29ac
 *(.stab)
 .stab          0x00000000      0x738 ./MCAL/TIM0/TIM0.o
 .stab          0x00000738      0x4b0 ./MCAL/INT/INT.o
                                0x678 (size before relaxing)
 .stab          0x00000be8      0x5ac ./MCAL/DIO/DIO.o
                                0x768 (size before relaxing)
 .stab          0x00001194      0x2c4 ./MCAL/ADC/ADC.o
                                0x480 (size before relaxing)
 .stab          0x00001458      0x2dc ./HAL/SSD/SSD.o
                                0x498 (size before relaxing)
 .stab          0x00001734      0xb58 ./HAL/LCD/LCD.o
                                0xd14 (size before relaxing)
 .stab          0x0000228c      0x3cc ./HAL/KEYPAD/KEYPAD.o
                                0x588 (size before relaxing)
 .stab          0x00002658      0x354 ./main.o
                                0x510 (size before relaxing)

.stabstr        0x00000000     0x16ea
 *(.stabstr)
 .stabstr       0x00000000     0x16ea ./MCAL/TIM0/TIM0.o

.stab.excl
 *(.stab.excl)

.stab.exclstr
 *(.stab.exclstr)

.stab.index
 *(.stab.index)

.stab.indexstr
 *(.stab.indexstr)

.comment
 *(.comment)

.debug
 *(.debug)

.line
 *(.line)

.debug_srcinfo
 *(.debug_srcinfo)

.debug_sfnames
 *(.debug_sfnames)

.debug_aranges  0x00000000      0x160
 *(.debug_aranges)
 .debug_aranges
                0x00000000       0x20 d:/documents/embedded/iti summer training 2023/01- embedded systems avr tools/01- imt sdk/imt_sdk_win_64/winavr/bin/../lib/gcc/avr/4.3.3/avr5\libgcc.a(_fixunssfsi.o)
 .debug_aranges
                0x00000020       0x20 d:/documents/embedded/iti summer training 2023/01- embedded systems avr tools/01- imt sdk/imt_sdk_win_64/winavr/bin/../lib/gcc/avr/4.3.3/avr5\libgcc.a(_addsub_sf.o)
 .debug_aranges
                0x00000040       0x20 d:/documents/embedded/iti summer training 2023/01- embedded systems avr tools/01- imt sdk/imt_sdk_win_64/winavr/bin/../lib/gcc/avr/4.3.3/avr5\libgcc.a(_mul_sf.o)
 .debug_aranges
                0x00000060       0x20 d:/documents/embedded/iti summer training 2023/01- embedded systems avr tools/01- imt sdk/imt_sdk_win_64/winavr/bin/../lib/gcc/avr/4.3.3/avr5\libgcc.a(_div_sf.o)
 .debug_aranges
                0x00000080       0x20 d:/documents/embedded/iti summer training 2023/01- embedded systems avr tools/01- imt sdk/imt_sdk_win_64/winavr/bin/../lib/gcc/avr/4.3.3/avr5\libgcc.a(_gt_sf.o)
 .debug_aranges
                0x000000a0       0x20 d:/documents/embedded/iti summer training 2023/01- embedded systems avr tools/01- imt sdk/imt_sdk_win_64/winavr/bin/../lib/gcc/avr/4.3.3/avr5\libgcc.a(_ge_sf.o)
 .debug_aranges
                0x000000c0       0x20 d:/documents/embedded/iti summer training 2023/01- embedded systems avr tools/01- imt sdk/imt_sdk_win_64/winavr/bin/../lib/gcc/avr/4.3.3/avr5\libgcc.a(_lt_sf.o)
 .debug_aranges
                0x000000e0       0x20 d:/documents/embedded/iti summer training 2023/01- embedded systems avr tools/01- imt sdk/imt_sdk_win_64/winavr/bin/../lib/gcc/avr/4.3.3/avr5\libgcc.a(_sf_to_si.o)
 .debug_aranges
                0x00000100       0x20 d:/documents/embedded/iti summer training 2023/01- embedded systems avr tools/01- imt sdk/imt_sdk_win_64/winavr/bin/../lib/gcc/avr/4.3.3/avr5\libgcc.a(_pack_sf.o)
 .debug_aranges
                0x00000120       0x20 d:/documents/embedded/iti summer training 2023/01- embedded systems avr tools/01- imt sdk/imt_sdk_win_64/winavr/bin/../lib/gcc/avr/4.3.3/avr5\libgcc.a(_unpack_sf.o)
 .debug_aranges
                0x00000140       0x20 d:/documents/embedded/iti summer training 2023/01- embedded systems avr tools/01- imt sdk/imt_sdk_win_64/winavr/bin/../lib/gcc/avr/4.3.3/avr5\libgcc.a(_fpcmp_parts_sf.o)

.debug_pubnames
                0x00000000      0x18f
 *(.debug_pubnames)
 .debug_pubnames
                0x00000000       0x23 d:/documents/embedded/iti summer training 2023/01- embedded systems avr tools/01- imt sdk/imt_sdk_win_64/winavr/bin/../lib/gcc/avr/4.3.3/avr5\libgcc.a(_fixunssfsi.o)
 .debug_pubnames
                0x00000023       0x2c d:/documents/embedded/iti summer training 2023/01- embedded systems avr tools/01- imt sdk/imt_sdk_win_64/winavr/bin/../lib/gcc/avr/4.3.3/avr5\libgcc.a(_addsub_sf.o)
 .debug_pubnames
                0x0000004f       0x1f d:/documents/embedded/iti summer training 2023/01- embedded systems avr tools/01- imt sdk/imt_sdk_win_64/winavr/bin/../lib/gcc/avr/4.3.3/avr5\libgcc.a(_mul_sf.o)
 .debug_pubnames
                0x0000006e       0x1f d:/documents/embedded/iti summer training 2023/01- embedded systems avr tools/01- imt sdk/imt_sdk_win_64/winavr/bin/../lib/gcc/avr/4.3.3/avr5\libgcc.a(_div_sf.o)
 .debug_pubnames
                0x0000008d       0x1e d:/documents/embedded/iti summer training 2023/01- embedded systems avr tools/01- imt sdk/imt_sdk_win_64/winavr/bin/../lib/gcc/avr/4.3.3/avr5\libgcc.a(_gt_sf.o)
 .debug_pubnames
                0x000000ab       0x1e d:/documents/embedded/iti summer training 2023/01- embedded systems avr tools/01- imt sdk/imt_sdk_win_64/winavr/bin/../lib/gcc/avr/4.3.3/avr5\libgcc.a(_ge_sf.o)
 .debug_pubnames
                0x000000c9       0x1e d:/documents/embedded/iti summer training 2023/01- embedded systems avr tools/01- imt sdk/imt_sdk_win_64/winavr/bin/../lib/gcc/avr/4.3.3/avr5\libgcc.a(_lt_sf.o)
 .debug_pubnames
                0x000000e7       0x20 d:/documents/embedded/iti summer training 2023/01- embedded systems avr tools/01- imt sdk/imt_sdk_win_64/winavr/bin/../lib/gcc/avr/4.3.3/avr5\libgcc.a(_sf_to_si.o)
 .debug_pubnames
                0x00000107       0x22 d:/documents/embedded/iti summer training 2023/01- embedded systems avr tools/01- imt sdk/imt_sdk_win_64/winavr/bin/../lib/gcc/avr/4.3.3/avr5\libgcc.a(_thenan_sf.o)
 .debug_pubnames
                0x00000129       0x1f d:/documents/embedded/iti summer training 2023/01- embedded systems avr tools/01- imt sdk/imt_sdk_win_64/winavr/bin/../lib/gcc/avr/4.3.3/avr5\libgcc.a(_pack_sf.o)
 .debug_pubnames
                0x00000148       0x21 d:/documents/embedded/iti summer training 2023/01- embedded systems avr tools/01- imt sdk/imt_sdk_win_64/winavr/bin/../lib/gcc/avr/4.3.3/avr5\libgcc.a(_unpack_sf.o)
 .debug_pubnames
                0x00000169       0x26 d:/documents/embedded/iti summer training 2023/01- embedded systems avr tools/01- imt sdk/imt_sdk_win_64/winavr/bin/../lib/gcc/avr/4.3.3/avr5\libgcc.a(_fpcmp_parts_sf.o)

.debug_info     0x00000000     0x2045
 *(.debug_info)
 .debug_info    0x00000000       0xb1 d:/documents/embedded/iti summer training 2023/01- embedded systems avr tools/01- imt sdk/imt_sdk_win_64/winavr/bin/../lib/gcc/avr/4.3.3/avr5\libgcc.a(_fixunssfsi.o)
 .debug_info    0x000000b1      0x47a d:/documents/embedded/iti summer training 2023/01- embedded systems avr tools/01- imt sdk/imt_sdk_win_64/winavr/bin/../lib/gcc/avr/4.3.3/avr5\libgcc.a(_addsub_sf.o)
 .debug_info    0x0000052b      0x485 d:/documents/embedded/iti summer training 2023/01- embedded systems avr tools/01- imt sdk/imt_sdk_win_64/winavr/bin/../lib/gcc/avr/4.3.3/avr5\libgcc.a(_mul_sf.o)
 .debug_info    0x000009b0      0x3fc d:/documents/embedded/iti summer training 2023/01- embedded systems avr tools/01- imt sdk/imt_sdk_win_64/winavr/bin/../lib/gcc/avr/4.3.3/avr5\libgcc.a(_div_sf.o)
 .debug_info    0x00000dac      0x27f d:/documents/embedded/iti summer training 2023/01- embedded systems avr tools/01- imt sdk/imt_sdk_win_64/winavr/bin/../lib/gcc/avr/4.3.3/avr5\libgcc.a(_gt_sf.o)
 .debug_info    0x0000102b      0x27f d:/documents/embedded/iti summer training 2023/01- embedded systems avr tools/01- imt sdk/imt_sdk_win_64/winavr/bin/../lib/gcc/avr/4.3.3/avr5\libgcc.a(_ge_sf.o)
 .debug_info    0x000012aa      0x27f d:/documents/embedded/iti summer training 2023/01- embedded systems avr tools/01- imt sdk/imt_sdk_win_64/winavr/bin/../lib/gcc/avr/4.3.3/avr5\libgcc.a(_lt_sf.o)
 .debug_info    0x00001529      0x2b0 d:/documents/embedded/iti summer training 2023/01- embedded systems avr tools/01- imt sdk/imt_sdk_win_64/winavr/bin/../lib/gcc/avr/4.3.3/avr5\libgcc.a(_sf_to_si.o)
 .debug_info    0x000017d9      0x12c d:/documents/embedded/iti summer training 2023/01- embedded systems avr tools/01- imt sdk/imt_sdk_win_64/winavr/bin/../lib/gcc/avr/4.3.3/avr5\libgcc.a(_thenan_sf.o)
 .debug_info    0x00001905      0x2df d:/documents/embedded/iti summer training 2023/01- embedded systems avr tools/01- imt sdk/imt_sdk_win_64/winavr/bin/../lib/gcc/avr/4.3.3/avr5\libgcc.a(_pack_sf.o)
 .debug_info    0x00001be4      0x251 d:/documents/embedded/iti summer training 2023/01- embedded systems avr tools/01- imt sdk/imt_sdk_win_64/winavr/bin/../lib/gcc/avr/4.3.3/avr5\libgcc.a(_unpack_sf.o)
 .debug_info    0x00001e35      0x210 d:/documents/embedded/iti summer training 2023/01- embedded systems avr tools/01- imt sdk/imt_sdk_win_64/winavr/bin/../lib/gcc/avr/4.3.3/avr5\libgcc.a(_fpcmp_parts_sf.o)
 *(.gnu.linkonce.wi.*)

.debug_abbrev   0x00000000     0x1101
 *(.debug_abbrev)
 .debug_abbrev  0x00000000       0x5d d:/documents/embedded/iti summer training 2023/01- embedded systems avr tools/01- imt sdk/imt_sdk_win_64/winavr/bin/../lib/gcc/avr/4.3.3/avr5\libgcc.a(_fixunssfsi.o)
 .debug_abbrev  0x0000005d      0x1ea d:/documents/embedded/iti summer training 2023/01- embedded systems avr tools/01- imt sdk/imt_sdk_win_64/winavr/bin/../lib/gcc/avr/4.3.3/avr5\libgcc.a(_addsub_sf.o)
 .debug_abbrev  0x00000247      0x21b d:/documents/embedded/iti summer training 2023/01- embedded systems avr tools/01- imt sdk/imt_sdk_win_64/winavr/bin/../lib/gcc/avr/4.3.3/avr5\libgcc.a(_mul_sf.o)
 .debug_abbrev  0x00000462      0x216 d:/documents/embedded/iti summer training 2023/01- embedded systems avr tools/01- imt sdk/imt_sdk_win_64/winavr/bin/../lib/gcc/avr/4.3.3/avr5\libgcc.a(_div_sf.o)
 .debug_abbrev  0x00000678      0x15a d:/documents/embedded/iti summer training 2023/01- embedded systems avr tools/01- imt sdk/imt_sdk_win_64/winavr/bin/../lib/gcc/avr/4.3.3/avr5\libgcc.a(_gt_sf.o)
 .debug_abbrev  0x000007d2      0x15a d:/documents/embedded/iti summer training 2023/01- embedded systems avr tools/01- imt sdk/imt_sdk_win_64/winavr/bin/../lib/gcc/avr/4.3.3/avr5\libgcc.a(_ge_sf.o)
 .debug_abbrev  0x0000092c      0x15a d:/documents/embedded/iti summer training 2023/01- embedded systems avr tools/01- imt sdk/imt_sdk_win_64/winavr/bin/../lib/gcc/avr/4.3.3/avr5\libgcc.a(_lt_sf.o)
 .debug_abbrev  0x00000a86      0x17f d:/documents/embedded/iti summer training 2023/01- embedded systems avr tools/01- imt sdk/imt_sdk_win_64/winavr/bin/../lib/gcc/avr/4.3.3/avr5\libgcc.a(_sf_to_si.o)
 .debug_abbrev  0x00000c05       0xad d:/documents/embedded/iti summer training 2023/01- embedded systems avr tools/01- imt sdk/imt_sdk_win_64/winavr/bin/../lib/gcc/avr/4.3.3/avr5\libgcc.a(_thenan_sf.o)
 .debug_abbrev  0x00000cb2      0x1c0 d:/documents/embedded/iti summer training 2023/01- embedded systems avr tools/01- imt sdk/imt_sdk_win_64/winavr/bin/../lib/gcc/avr/4.3.3/avr5\libgcc.a(_pack_sf.o)
 .debug_abbrev  0x00000e72      0x154 d:/documents/embedded/iti summer training 2023/01- embedded systems avr tools/01- imt sdk/imt_sdk_win_64/winavr/bin/../lib/gcc/avr/4.3.3/avr5\libgcc.a(_unpack_sf.o)
 .debug_abbrev  0x00000fc6      0x13b d:/documents/embedded/iti summer training 2023/01- embedded systems avr tools/01- imt sdk/imt_sdk_win_64/winavr/bin/../lib/gcc/avr/4.3.3/avr5\libgcc.a(_fpcmp_parts_sf.o)

.debug_line     0x00000000      0xf82
 *(.debug_line)
 .debug_line    0x00000000       0xa7 d:/documents/embedded/iti summer training 2023/01- embedded systems avr tools/01- imt sdk/imt_sdk_win_64/winavr/bin/../lib/gcc/avr/4.3.3/avr5\libgcc.a(_fixunssfsi.o)
 .debug_line    0x000000a7      0x2af d:/documents/embedded/iti summer training 2023/01- embedded systems avr tools/01- imt sdk/imt_sdk_win_64/winavr/bin/../lib/gcc/avr/4.3.3/avr5\libgcc.a(_addsub_sf.o)
 .debug_line    0x00000356      0x239 d:/documents/embedded/iti summer training 2023/01- embedded systems avr tools/01- imt sdk/imt_sdk_win_64/winavr/bin/../lib/gcc/avr/4.3.3/avr5\libgcc.a(_mul_sf.o)
 .debug_line    0x0000058f      0x1d5 d:/documents/embedded/iti summer training 2023/01- embedded systems avr tools/01- imt sdk/imt_sdk_win_64/winavr/bin/../lib/gcc/avr/4.3.3/avr5\libgcc.a(_div_sf.o)
 .debug_line    0x00000764       0xd3 d:/documents/embedded/iti summer training 2023/01- embedded systems avr tools/01- imt sdk/imt_sdk_win_64/winavr/bin/../lib/gcc/avr/4.3.3/avr5\libgcc.a(_gt_sf.o)
 .debug_line    0x00000837       0xd3 d:/documents/embedded/iti summer training 2023/01- embedded systems avr tools/01- imt sdk/imt_sdk_win_64/winavr/bin/../lib/gcc/avr/4.3.3/avr5\libgcc.a(_ge_sf.o)
 .debug_line    0x0000090a       0xd3 d:/documents/embedded/iti summer training 2023/01- embedded systems avr tools/01- imt sdk/imt_sdk_win_64/winavr/bin/../lib/gcc/avr/4.3.3/avr5\libgcc.a(_lt_sf.o)
 .debug_line    0x000009dd      0x109 d:/documents/embedded/iti summer training 2023/01- embedded systems avr tools/01- imt sdk/imt_sdk_win_64/winavr/bin/../lib/gcc/avr/4.3.3/avr5\libgcc.a(_sf_to_si.o)
 .debug_line    0x00000ae6       0x90 d:/documents/embedded/iti summer training 2023/01- embedded systems avr tools/01- imt sdk/imt_sdk_win_64/winavr/bin/../lib/gcc/avr/4.3.3/avr5\libgcc.a(_thenan_sf.o)
 .debug_line    0x00000b76      0x18a d:/documents/embedded/iti summer training 2023/01- embedded systems avr tools/01- imt sdk/imt_sdk_win_64/winavr/bin/../lib/gcc/avr/4.3.3/avr5\libgcc.a(_pack_sf.o)
 .debug_line    0x00000d00      0x14b d:/documents/embedded/iti summer training 2023/01- embedded systems avr tools/01- imt sdk/imt_sdk_win_64/winavr/bin/../lib/gcc/avr/4.3.3/avr5\libgcc.a(_unpack_sf.o)
 .debug_line    0x00000e4b      0x137 d:/documents/embedded/iti summer training 2023/01- embedded systems avr tools/01- imt sdk/imt_sdk_win_64/winavr/bin/../lib/gcc/avr/4.3.3/avr5\libgcc.a(_fpcmp_parts_sf.o)

.debug_frame    0x00000000      0x180
 *(.debug_frame)
 .debug_frame   0x00000000       0x20 d:/documents/embedded/iti summer training 2023/01- embedded systems avr tools/01- imt sdk/imt_sdk_win_64/winavr/bin/../lib/gcc/avr/4.3.3/avr5\libgcc.a(_fixunssfsi.o)
 .debug_frame   0x00000020       0x40 d:/documents/embedded/iti summer training 2023/01- embedded systems avr tools/01- imt sdk/imt_sdk_win_64/winavr/bin/../lib/gcc/avr/4.3.3/avr5\libgcc.a(_addsub_sf.o)
 .debug_frame   0x00000060       0x20 d:/documents/embedded/iti summer training 2023/01- embedded systems avr tools/01- imt sdk/imt_sdk_win_64/winavr/bin/../lib/gcc/avr/4.3.3/avr5\libgcc.a(_mul_sf.o)
 .debug_frame   0x00000080       0x20 d:/documents/embedded/iti summer training 2023/01- embedded systems avr tools/01- imt sdk/imt_sdk_win_64/winavr/bin/../lib/gcc/avr/4.3.3/avr5\libgcc.a(_div_sf.o)
 .debug_frame   0x000000a0       0x20 d:/documents/embedded/iti summer training 2023/01- embedded systems avr tools/01- imt sdk/imt_sdk_win_64/winavr/bin/../lib/gcc/avr/4.3.3/avr5\libgcc.a(_gt_sf.o)
 .debug_frame   0x000000c0       0x20 d:/documents/embedded/iti summer training 2023/01- embedded systems avr tools/01- imt sdk/imt_sdk_win_64/winavr/bin/../lib/gcc/avr/4.3.3/avr5\libgcc.a(_ge_sf.o)
 .debug_frame   0x000000e0       0x20 d:/documents/embedded/iti summer training 2023/01- embedded systems avr tools/01- imt sdk/imt_sdk_win_64/winavr/bin/../lib/gcc/avr/4.3.3/avr5\libgcc.a(_lt_sf.o)
 .debug_frame   0x00000100       0x20 d:/documents/embedded/iti summer training 2023/01- embedded systems avr tools/01- imt sdk/imt_sdk_win_64/winavr/bin/../lib/gcc/avr/4.3.3/avr5\libgcc.a(_sf_to_si.o)
 .debug_frame   0x00000120       0x20 d:/documents/embedded/iti summer training 2023/01- embedded systems avr tools/01- imt sdk/imt_sdk_win_64/winavr/bin/../lib/gcc/avr/4.3.3/avr5\libgcc.a(_pack_sf.o)
 .debug_frame   0x00000140       0x20 d:/documents/embedded/iti summer training 2023/01- embedded systems avr tools/01- imt sdk/imt_sdk_win_64/winavr/bin/../lib/gcc/avr/4.3.3/avr5\libgcc.a(_unpack_sf.o)
 .debug_frame   0x00000160       0x20 d:/documents/embedded/iti summer training 2023/01- embedded systems avr tools/01- imt sdk/imt_sdk_win_64/winavr/bin/../lib/gcc/avr/4.3.3/avr5\libgcc.a(_fpcmp_parts_sf.o)

.debug_str      0x00000000      0x2c2
 *(.debug_str)
 .debug_str     0x00000000       0xbf d:/documents/embedded/iti summer training 2023/01- embedded systems avr tools/01- imt sdk/imt_sdk_win_64/winavr/bin/../lib/gcc/avr/4.3.3/avr5\libgcc.a(_fixunssfsi.o)
                                 0xfe (size before relaxing)
 .debug_str     0x000000bf      0x14d d:/documents/embedded/iti summer training 2023/01- embedded systems avr tools/01- imt sdk/imt_sdk_win_64/winavr/bin/../lib/gcc/avr/4.3.3/avr5\libgcc.a(_addsub_sf.o)
                                0x206 (size before relaxing)
 .debug_str     0x0000020c       0x27 d:/documents/embedded/iti summer training 2023/01- embedded systems avr tools/01- imt sdk/imt_sdk_win_64/winavr/bin/../lib/gcc/avr/4.3.3/avr5\libgcc.a(_mul_sf.o)
                                0x1bf (size before relaxing)
 .debug_str     0x00000233       0x35 d:/documents/embedded/iti summer training 2023/01- embedded systems avr tools/01- imt sdk/imt_sdk_win_64/winavr/bin/../lib/gcc/avr/4.3.3/avr5\libgcc.a(_div_sf.o)
                                0x1c8 (size before relaxing)
 .debug_str     0x00000268        0xf d:/documents/embedded/iti summer training 2023/01- embedded systems avr tools/01- imt sdk/imt_sdk_win_64/winavr/bin/../lib/gcc/avr/4.3.3/avr5\libgcc.a(_gt_sf.o)
                                0x195 (size before relaxing)
 .debug_str     0x00000277        0x8 d:/documents/embedded/iti summer training 2023/01- embedded systems avr tools/01- imt sdk/imt_sdk_win_64/winavr/bin/../lib/gcc/avr/4.3.3/avr5\libgcc.a(_ge_sf.o)
                                0x195 (size before relaxing)
 .debug_str     0x0000027f        0x8 d:/documents/embedded/iti summer training 2023/01- embedded systems avr tools/01- imt sdk/imt_sdk_win_64/winavr/bin/../lib/gcc/avr/4.3.3/avr5\libgcc.a(_lt_sf.o)
                                0x195 (size before relaxing)
 .debug_str     0x00000287        0xa d:/documents/embedded/iti summer training 2023/01- embedded systems avr tools/01- imt sdk/imt_sdk_win_64/winavr/bin/../lib/gcc/avr/4.3.3/avr5\libgcc.a(_sf_to_si.o)
                                0x19e (size before relaxing)
 .debug_str     0x00000000      0x103 d:/documents/embedded/iti summer training 2023/01- embedded systems avr tools/01- imt sdk/imt_sdk_win_64/winavr/bin/../lib/gcc/avr/4.3.3/avr5\libgcc.a(_thenan_sf.o)
 .debug_str     0x00000291       0x16 d:/documents/embedded/iti summer training 2023/01- embedded systems avr tools/01- imt sdk/imt_sdk_win_64/winavr/bin/../lib/gcc/avr/4.3.3/avr5\libgcc.a(_pack_sf.o)
                                0x19d (size before relaxing)
 .debug_str     0x000002a7        0xb d:/documents/embedded/iti summer training 2023/01- embedded systems avr tools/01- imt sdk/imt_sdk_win_64/winavr/bin/../lib/gcc/avr/4.3.3/avr5\libgcc.a(_unpack_sf.o)
                                0x17f (size before relaxing)
 .debug_str     0x000002b2       0x10 d:/documents/embedded/iti summer training 2023/01- embedded systems avr tools/01- imt sdk/imt_sdk_win_64/winavr/bin/../lib/gcc/avr/4.3.3/avr5\libgcc.a(_fpcmp_parts_sf.o)
                                0x163 (size before relaxing)

.debug_loc      0x00000000      0x88e
 *(.debug_loc)
 .debug_loc     0x00000000       0x34 d:/documents/embedded/iti summer training 2023/01- embedded systems avr tools/01- imt sdk/imt_sdk_win_64/winavr/bin/../lib/gcc/avr/4.3.3/avr5\libgcc.a(_fixunssfsi.o)
 .debug_loc     0x00000034      0x32a d:/documents/embedded/iti summer training 2023/01- embedded systems avr tools/01- imt sdk/imt_sdk_win_64/winavr/bin/../lib/gcc/avr/4.3.3/avr5\libgcc.a(_addsub_sf.o)
 .debug_loc     0x0000035e      0x104 d:/documents/embedded/iti summer training 2023/01- embedded systems avr tools/01- imt sdk/imt_sdk_win_64/winavr/bin/../lib/gcc/avr/4.3.3/avr5\libgcc.a(_mul_sf.o)
 .debug_loc     0x00000462       0xc0 d:/documents/embedded/iti summer training 2023/01- embedded systems avr tools/01- imt sdk/imt_sdk_win_64/winavr/bin/../lib/gcc/avr/4.3.3/avr5\libgcc.a(_div_sf.o)
 .debug_loc     0x00000522       0x3c d:/documents/embedded/iti summer training 2023/01- embedded systems avr tools/01- imt sdk/imt_sdk_win_64/winavr/bin/../lib/gcc/avr/4.3.3/avr5\libgcc.a(_gt_sf.o)
 .debug_loc     0x0000055e       0x3c d:/documents/embedded/iti summer training 2023/01- embedded systems avr tools/01- imt sdk/imt_sdk_win_64/winavr/bin/../lib/gcc/avr/4.3.3/avr5\libgcc.a(_ge_sf.o)
 .debug_loc     0x0000059a       0x3c d:/documents/embedded/iti summer training 2023/01- embedded systems avr tools/01- imt sdk/imt_sdk_win_64/winavr/bin/../lib/gcc/avr/4.3.3/avr5\libgcc.a(_lt_sf.o)
 .debug_loc     0x000005d6       0x7e d:/documents/embedded/iti summer training 2023/01- embedded systems avr tools/01- imt sdk/imt_sdk_win_64/winavr/bin/../lib/gcc/avr/4.3.3/avr5\libgcc.a(_sf_to_si.o)
 .debug_loc     0x00000654      0x13e d:/documents/embedded/iti summer training 2023/01- embedded systems avr tools/01- imt sdk/imt_sdk_win_64/winavr/bin/../lib/gcc/avr/4.3.3/avr5\libgcc.a(_pack_sf.o)
 .debug_loc     0x00000792       0xac d:/documents/embedded/iti summer training 2023/01- embedded systems avr tools/01- imt sdk/imt_sdk_win_64/winavr/bin/../lib/gcc/avr/4.3.3/avr5\libgcc.a(_unpack_sf.o)
 .debug_loc     0x0000083e       0x50 d:/documents/embedded/iti summer training 2023/01- embedded systems avr tools/01- imt sdk/imt_sdk_win_64/winavr/bin/../lib/gcc/avr/4.3.3/avr5\libgcc.a(_fpcmp_parts_sf.o)

.debug_macinfo
 *(.debug_macinfo)
OUTPUT(BuzzerTones.elf elf32-avr)
LOAD linker stubs

.debug_ranges   0x00000000       0x50
 .debug_ranges  0x00000000       0x50 d:/documents/embedded/iti summer training 2023/01- embedded systems avr tools/01- imt sdk/imt_sdk_win_64/winavr/bin/../lib/gcc/avr/4.3.3/avr5\libgcc.a(_mul_sf.o)
